RAM Allocation [bytes]
Variable                                                                          Address   Size
------------------------------------------------------------------------------------------------

EEPROM Allocation [bytes]
Variable                                                                          Address   Size
------------------------------------------------------------------------------------------------

Register Allocation
Variable                                                                          Register  Size
------------------------------------------------------------------------------------------------
temp                                                                              R4           1
hum                                                                               R3           1

FLASH Allocation [words]
Function                                                                          Address   Size
------------------------------------------------------------------------------------------------
dht11_read                                                                        0x000E3    157
lcd_pulse_enable                                                                  0x00180      9
lcd_send_nibble                                                                   0x00189     27
lcd_cmd                                                                           0x001A4     16
lcd_data                                                                          0x001B4     16
lcd_init                                                                          0x001C4     61
lcd_gotoxy                                                                        0x00201     16
lcd_puts                                                                          0x00211     15
lcd_clear                                                                         0x00220      7
main                                                                              0x00227    141
put_buff_G100                                                                     0x002B4     64
_print_G100                                                                       0x002F4    372
sprintf                                                                           0x00468     60
strlen                                                                            0x004A4     12
strlenf                                                                           0x004B0     13
